---
source: src/tests/mod.rs
expression: tree_shake(input)
input_file: src/tests/fixtures/tagged_template_expression.js
---
export function main(__unused_E58F) {
	effect(2);
	effect(1);
	let impure = (x) => effect(x);
	impure`a`;
	impure`b${effect()}c`;
}
