---
source: src/tests/mod.rs
expression: tree_shake(input)
input_file: src/tests/fixtures/object_expression.js
---
export function main() {
	effect(1, 3);
	let __unused_4CB3 = effect();
	let obj3 = { get b() {
		effect();
	} };
	effect(2);
	obj3.b;
	effect(void 0, 3);
	let __unused_995C = { ...{ get x() {
		effect();
	} } };
	effect(1);
}
export function modify_self_in_getter() {
	const { effect, changed } = {
		get effect() {
			this.changed = {};
		},
		changed: false
	};
	return changed;
}
