---
source: src/tests/mod.rs
expression: tree_shake(input)
input_file: src/tests/fixtures/binding_pattern.js
---
export function simple(unknown) {
	effect(1);
	effect(2);
	effect(3);
	effect(4);
	let { g: { h, i: { j } } } = unknown;
}
export function with_rest(unknown) {
	let { a,...rest } = { b: unknown };
	effect(void 0, rest.b, 2);
	let { b,...__unused_2075 } = unknown;
	let { d } = { d: unknown };
	effect(d);
}
