---
source: src/tests/mod.rs
assertion_line: 32
expression: tree_shake(input)
input_file: src/tests/fixtures/update_expression.js
---
export function f1() {
	let a = 1;
	a++;
	effect(2, (a++, 2), (++a, 4));
	a++;
	effect(5);
	if (unknown) a++;
	effect(a);
}
export function f2() {
	let b = { value: 1 };
	b.value++;
	effect(2, (b.value++, 2), (++b.value, 4));
	b.value++;
	effect(5);
	if (unknown) b.value++;
	effect(b.value);
}
export function f3() {
	let c = { value: 1 };
	c.value++;
	c[unknown]++;
	c[effect(), "value"]++;
}
