---
source: src/tests/mod.rs
assertion_line: 32
expression: tree_shake(input)
input_file: src/tests/fixtures/import_expression.js
---
export function main() {
	effect(1), { c: effect(2) };
	effect(import("c", effect(3)));
}
