---
source: src/tests/mod.rs
expression: tree_shake(input)
input_file: src/tests/fixtures/returned_closure.js
---
function f(a) {
	return function(b) {
		a = a + b;
		return a;
	};
}
test(f(2)(3));
const x = f(10);
test(x(5));
test(x(7));
