---
source: src/tests/mod.rs
expression: tree_shake(input)
input_file: src/tests/fixtures/var_declaration.js
---
export function main() {
	{
		var x = 1;
		effect(x);
	}
	effect(x);
}
effect(x);
