---
source: src/tests/mod.rs
expression: tree_shake(input)
input_file: src/tests/fixtures/lifted_declaration.js
---
effect(f(1), x);
function f(a) {
	effect(2);
	return a;
}
export var x = 3;
