---
source: src/tests/mod.rs
expression: tree_shake(input)
input_file: src/tests/fixtures/member_expression.js
---
export function main(unknown) {
	let a = { b: 1 };
	effect(a.b);
	effect(unknown.a);
	let c = { d: unknown };
	effect();
	effect(c[effect(), "d"]);
	global[effect()];
	effect(global[effect()]);
}
