---
source: src/tests/mod.rs
expression: tree_shake(input)
input_file: src/tests/fixtures/tagged_template_expression.js
---
export function main(__unused_4982) {
	let pure = (__unused_BB8D) => 1;
	effect(2);
	effect(pure`a${3}`);
	let impure = (x) => effect(x);
	impure`a`;
	impure`b${effect()}c`;
}
