---
source: src/tests/mod.rs
expression: tree_shake(input)
input_file: src/tests/fixtures/binding_pattern.js
---
export function simple(unknown) {
	let { a } = { a: 1 };
	effect(a);
	let { b: c } = { b: 2 };
	effect(c);
	let { d = 3 } = { d: undefined };
	effect(d);
	let { [0 + 1]: e } = { [1]: 4 };
	effect(e);
	let { g: { h: __unused_83AC, i: { j: __unused_C4E6 } } } = unknown;
}
export function with_rest(unknown) {
	let { a: __unused_AA1B,...rest } = {
		a: 1,
		b: unknown,
		c: 2
	};
	effect(rest.a, rest.b, rest.c);
	let { b: __unused_4486,...__unused_2075 } = unknown;
	let { d } = {
		d: unknown,
		e: unknown
	};
	effect(d);
}
