---
source: src/tests/mod.rs
expression: tree_shake(input)
input_file: src/tests/fixtures/mangling/jsx.js
---
function Comp({ a: propName }) {
	return <div>
      {propName}
    </div>;
}
export function main(aaa) {
	return <Comp a={aaa}>
    </Comp>;
}
