---
source: src/tests/mod.rs
expression: tree_shake(input)
input_file: src/tests/fixtures/lifted_declaration.js
---
effect((f(), 1), void 0);
function f() {
	effect(2);
	return;
}
export var x = 3;
