---
source: src/tests/mod.rs
assertion_line: 32
expression: tree_shake(input)
input_file: src/tests/fixtures/for_in_statement.js
---
export function main(a) {
	g;
	for (g in a);
	for (__unused__ in a) {
		effect();
	}
	for (let k in a) {
		effect(k);
	}
	const pure = () => a;
	for (let k in {
		x: 1,
		y: pure()
	}) {
		effect(k);
	}
}
var __unused__;
