---
source: src/tests/mod.rs
expression: tree_shake(input)
input_file: src/tests/fixtures/react/jsx.js
---
function Comp() {
	const __unused_FD45 = effect();
	return <div>
      {"1"}
      {}
    </div>;
}
export function main() {
	return <Comp>
      <div />
      Hello
    </Comp>;
}
