---
source: src/tests/mod.rs
expression: tree_shake(input)
input_file: src/tests/fixtures/member_expression.js
---
export function main(unknown) {
	effect(1);
	effect(unknown.a);
	let c = { a: unknown };
	effect();
	effect(c[effect(), "a"]);
	global[effect()];
	effect(global[effect()]);
}
